PHPUnit 7.5.16 by Sebastian Bergmann and contributors.

Testing Functional tests
App\Tests\Controller\TaskController
 [32m✔[0m Tasks
 [32m✔[0m Create task
 [32m✔[0m Update task
 [32m✔[0m Task
 [32m✔[0m Change status

Time: 6.7 seconds, Memory: 52.00 MB

[30;42mOK (5 tests, 39 assertions)[0m


[1;37;40mCode Coverage Report:     [0m
[1;37;40m  2019-09-25 21:23:59     [0m
[1;37;40m                          [0m
[1;37;40m Summary:                 [0m
[37;41m  Classes:  0.00% (0/13)  [0m
[37;41m  Methods:  4.35% (2/46)  [0m
[37;41m  Lines:   20.00% (33/165)[0m

\App\Controller::App\Controller\TaskController
  [37;41mMethods:  40.00% ( 2/ 5)[0m   [30;42mLines:  91.67% ( 33/ 36)[0m
